Archive member included to satisfy reference by file (symbol)

C:\Users\kris-\OneDrive\DOKUME~1\KEA-DE~1\MICROP~1\COMMON~1\AUDIOA~1\I2CSCA~1\I2CSCA~1\ARDUIN~1\Debug\libArduinoCore.a(HardwareSerial.o)
                              Sketch.o (_ZN14HardwareSerial5beginEmh)
C:\Users\kris-\OneDrive\DOKUME~1\KEA-DE~1\MICROP~1\COMMON~1\AUDIOA~1\I2CSCA~1\I2CSCA~1\ARDUIN~1\Debug\libArduinoCore.a(HardwareSerial0.o)
                              Sketch.o (Serial)
C:\Users\kris-\OneDrive\DOKUME~1\KEA-DE~1\MICROP~1\COMMON~1\AUDIOA~1\I2CSCA~1\I2CSCA~1\ARDUIN~1\Debug\libArduinoCore.a(main.o)
                              C:/Program Files (x86)/Atmel/Studio/7.0/Packs/atmel/ATmega_DFP/1.1.130/gcc/dev/atmega328p/avr5/crtatmega328p.o (main)
C:\Users\kris-\OneDrive\DOKUME~1\KEA-DE~1\MICROP~1\COMMON~1\AUDIOA~1\I2CSCA~1\I2CSCA~1\ARDUIN~1\Debug\libArduinoCore.a(Print.o)
                              C:\Users\kris-\OneDrive\DOKUME~1\KEA-DE~1\MICROP~1\COMMON~1\AUDIOA~1\I2CSCA~1\I2CSCA~1\ARDUIN~1\Debug\libArduinoCore.a(HardwareSerial.o) (_ZN5Print5writeEPKhj)
C:\Users\kris-\OneDrive\DOKUME~1\KEA-DE~1\MICROP~1\COMMON~1\AUDIOA~1\I2CSCA~1\I2CSCA~1\ARDUIN~1\Debug\libArduinoCore.a(wiring.o)
                              Sketch.o (delay)
C:\Users\kris-\OneDrive\DOKUME~1\KEA-DE~1\MICROP~1\COMMON~1\AUDIOA~1\I2CSCA~1\I2CSCA~1\ARDUIN~1\Debug\libArduinoCore.a(Wire.o)
                              Sketch.o (_ZN7TwoWire5beginEv)
C:\Users\kris-\OneDrive\DOKUME~1\KEA-DE~1\MICROP~1\COMMON~1\AUDIOA~1\I2CSCA~1\I2CSCA~1\ARDUIN~1\Debug\libArduinoCore.a(abi.o)
                              C:\Users\kris-\OneDrive\DOKUME~1\KEA-DE~1\MICROP~1\COMMON~1\AUDIOA~1\I2CSCA~1\I2CSCA~1\ARDUIN~1\Debug\libArduinoCore.a(Print.o) (__cxa_pure_virtual)
C:\Users\kris-\OneDrive\DOKUME~1\KEA-DE~1\MICROP~1\COMMON~1\AUDIOA~1\I2CSCA~1\I2CSCA~1\ARDUIN~1\Debug\libArduinoCore.a(hooks.o)
                              C:\Users\kris-\OneDrive\DOKUME~1\KEA-DE~1\MICROP~1\COMMON~1\AUDIOA~1\I2CSCA~1\I2CSCA~1\ARDUIN~1\Debug\libArduinoCore.a(wiring.o) (yield)
C:\Users\kris-\OneDrive\DOKUME~1\KEA-DE~1\MICROP~1\COMMON~1\AUDIOA~1\I2CSCA~1\I2CSCA~1\ARDUIN~1\Debug\libArduinoCore.a(twi.o)
                              C:\Users\kris-\OneDrive\DOKUME~1\KEA-DE~1\MICROP~1\COMMON~1\AUDIOA~1\I2CSCA~1\I2CSCA~1\ARDUIN~1\Debug\libArduinoCore.a(Wire.o) (twi_init)
C:\Users\kris-\OneDrive\DOKUME~1\KEA-DE~1\MICROP~1\COMMON~1\AUDIOA~1\I2CSCA~1\I2CSCA~1\ARDUIN~1\Debug\libArduinoCore.a(wiring_digital.o)
                              C:\Users\kris-\OneDrive\DOKUME~1\KEA-DE~1\MICROP~1\COMMON~1\AUDIOA~1\I2CSCA~1\I2CSCA~1\ARDUIN~1\Debug\libArduinoCore.a(twi.o) (digitalWrite)
c:/program files (x86)/atmel/studio/7.0/toolchain/avr8/avr8-gnu-toolchain/bin/../lib/gcc/avr/4.9.2/../../../../avr/lib/avr5\libm.a(addsf3.o)
                              C:\Users\kris-\OneDrive\DOKUME~1\KEA-DE~1\MICROP~1\COMMON~1\AUDIOA~1\I2CSCA~1\I2CSCA~1\ARDUIN~1\Debug\libArduinoCore.a(Print.o) (__subsf3)
c:/program files (x86)/atmel/studio/7.0/toolchain/avr8/avr8-gnu-toolchain/bin/../lib/gcc/avr/4.9.2/../../../../avr/lib/avr5\libm.a(addsf3x.o)
                              c:/program files (x86)/atmel/studio/7.0/toolchain/avr8/avr8-gnu-toolchain/bin/../lib/gcc/avr/4.9.2/../../../../avr/lib/avr5\libm.a(addsf3.o) (__addsf3x)
c:/program files (x86)/atmel/studio/7.0/toolchain/avr8/avr8-gnu-toolchain/bin/../lib/gcc/avr/4.9.2/../../../../avr/lib/avr5\libm.a(cmpsf2.o)
                              C:\Users\kris-\OneDrive\DOKUME~1\KEA-DE~1\MICROP~1\COMMON~1\AUDIOA~1\I2CSCA~1\I2CSCA~1\ARDUIN~1\Debug\libArduinoCore.a(Print.o) (__ltsf2)
c:/program files (x86)/atmel/studio/7.0/toolchain/avr8/avr8-gnu-toolchain/bin/../lib/gcc/avr/4.9.2/../../../../avr/lib/avr5\libm.a(divsf3.o)
                              C:\Users\kris-\OneDrive\DOKUME~1\KEA-DE~1\MICROP~1\COMMON~1\AUDIOA~1\I2CSCA~1\I2CSCA~1\ARDUIN~1\Debug\libArduinoCore.a(Print.o) (__divsf3)
c:/program files (x86)/atmel/studio/7.0/toolchain/avr8/avr8-gnu-toolchain/bin/../lib/gcc/avr/4.9.2/../../../../avr/lib/avr5\libm.a(divsf3x.o)
                              c:/program files (x86)/atmel/studio/7.0/toolchain/avr8/avr8-gnu-toolchain/bin/../lib/gcc/avr/4.9.2/../../../../avr/lib/avr5\libm.a(divsf3.o) (__divsf3x)
c:/program files (x86)/atmel/studio/7.0/toolchain/avr8/avr8-gnu-toolchain/bin/../lib/gcc/avr/4.9.2/../../../../avr/lib/avr5\libm.a(fixunssfsi.o)
                              C:\Users\kris-\OneDrive\DOKUME~1\KEA-DE~1\MICROP~1\COMMON~1\AUDIOA~1\I2CSCA~1\I2CSCA~1\ARDUIN~1\Debug\libArduinoCore.a(Print.o) (__fixunssfsi)
c:/program files (x86)/atmel/studio/7.0/toolchain/avr8/avr8-gnu-toolchain/bin/../lib/gcc/avr/4.9.2/../../../../avr/lib/avr5\libm.a(floatsisf.o)
                              C:\Users\kris-\OneDrive\DOKUME~1\KEA-DE~1\MICROP~1\COMMON~1\AUDIOA~1\I2CSCA~1\I2CSCA~1\ARDUIN~1\Debug\libArduinoCore.a(Print.o) (__floatunsisf)
c:/program files (x86)/atmel/studio/7.0/toolchain/avr8/avr8-gnu-toolchain/bin/../lib/gcc/avr/4.9.2/../../../../avr/lib/avr5\libm.a(fp_cmp.o)
[...]
Memory Configuration

Name             Origin             Length             Attributes
text             0x00000000         0x00020000         xr
data             0x00800060         0x0000ffa0         rw !x
eeprom           0x00810000         0x00010000         rw !x
fuse             0x00820000         0x00000003         rw !x
lock             0x00830000         0x00000400         rw !x
signature        0x00840000         0x00000400         rw !x
user_signatures  0x00850000         0x00000400         rw !x
*default*        0x00000000         0xffffffff

Linker script and memory map

Address of section .data set to 0x800100
LOAD C:/Program Files (x86)/Atmel/Studio/7.0/Packs/atmel/ATmega_DFP/1.1.130/gcc/dev/atmega328p/avr5/crtatmega328p.o
LOAD Sketch.o
START GROUP
LOAD c:/program files (x86)/atmel/studio/7.0/toolchain/avr8/avr8-gnu-toolchain/bin/../lib/gcc/avr/4.9.2/../../../../avr/lib/avr5\libm.a
LOAD C:\Users\kris-\OneDrive\DOKUME~1\KEA-DE~1\MICROP~1\COMMON~1\AUDIOA~1\I2CSCA~1\I2CSCA~1\ARDUIN~1\Debug\libArduinoCore.a
END GROUP
LOAD c:/program files (x86)/atmel/studio/7.0/toolchain/avr8/avr8-gnu-toolchain/bin/../lib/gcc/avr/4.9.2/avr5\libgcc.a
LOAD c:/program files (x86)/atmel/studio/7.0/toolchain/avr8/avr8-gnu-toolchain/bin/../lib/gcc/avr/4.9.2/../../../../avr/lib/avr5\libm.a
START GROUP
LOAD c:/program files (x86)/atmel/studio/7.0/toolchain/avr8/avr8-gnu-toolchain/bin/../lib/gcc/avr/4.9.2/avr5\libgcc.a
LOAD c:/program files (x86)/atmel/studio/7.0/toolchain/avr8/avr8-gnu-toolchain/bin/../lib/gcc/avr/4.9.2/../../../../avr/lib/avr5\libm.a
LOAD c:/program files (x86)/atmel/studio/7.0/toolchain/avr8/avr8-gnu-toolchain/bin/../lib/gcc/avr/4.9.2/../../../../avr/lib/avr5\libc.a
LOAD C:/Program Files (x86)/Atmel/Studio/7.0/Packs/atmel/ATmega_DFP/1.1.130/gcc/dev/atmega328p/avr5\libatmega328p.a
END GROUP
                0x00020000                __TEXT_REGION_LENGTH__ = DEFINED (__TEXT_REGION_LENGTH__)?__TEXT_REGION_LENGTH__:0x20000
                0x0000ffa0                __DATA_REGION_LENGTH__ = DEFINED (__DATA_REGION_LENGTH__)?__DATA_REGION_LENGTH__:0xffa0
                0x00010000                __EEPROM_REGION_LENGTH__ = DEFINED (__EEPROM_REGION_LENGTH__)?__EEPROM_REGION_LENGTH__:0x10000
                [0x00000003]                __FUSE_REGION_LENGTH__ = DEFINED (__FUSE_REGION_LENGTH__)?__FUSE_REGION_LENGTH__:0x400
                0x00000400                __LOCK_REGION_LENGTH__ = DEFINED (__LOCK_REGION_LENGTH__)?__LOCK_REGION_LENGTH__:0x400
                0x00000400                __SIGNATURE_REGION_LENGTH__ = DEFINED (__SIGNATURE_REGION_LENGTH__)?__SIGNATURE_REGION_LENGTH__:0x400
                0x00000400                __USER_SIGNATURE_REGION_LENGTH__ = DEFINED (__USER_SIGNATURE_REGION_LENGTH__)?__USER_SIGNATURE_REGION_LENGTH__:0x400

.hash
 *(.hash)

.dynsym
 *(.dynsym)

.dynstr
 *(.dynstr)

.gnu.version
 *(.gnu.version)

.gnu.version_d
 *(.gnu.version_d)

.gnu.version_r
 *(.gnu.version_r)

.rel.init
 *(.rel.init)

.rela.init
 *(.rela.init)

.rel.text
 *(.rel.text)
 *(.rel.text.*)
 *(.rel.gnu.linkonce.t*)

.rela.text
 *(.rela.text)
 *(.rela.text.*)
 *(.rela.gnu.linkonce.t*)

.rel.fini
 *(.rel.fini)

.rela.fini
 *(.rela.fini)

.rel.rodata
 *(.rel.rodata)
 *(.rel.rodata.*)
 *(.rel.gnu.linkonce.r*)

.rela.rodata
 *(.rela.rodata)
 *(.rela.rodata.*)
 *(.rela.gnu.linkonce.r*)

.rel.data
 *(.rel.data)
 *(.rel.data.*)
 *(.rel.gnu.linkonce.d*)

.rela.data
 *(.rela.data)
 *(.rela.data.*)
 *(.rela.gnu.linkonce.d*)

.rel.ctors
 *(.rel.ctors)

.rela.ctors
 *(.rela.ctors)

.rel.dtors
 *(.rel.dtors)

.rela.dtors
 *(.rela.dtors)

.rel.got
 *(.rel.got)

.rela.got
 *(.rela.got)

.rel.bss
 *(.rel.bss)

.rela.bss
 *(.rela.bss)

.rel.plt
 *(.rel.plt)

.rela.plt
 *(.rela.plt)

.text           0x00000000      0xf4e
 *(.vectors)
 .vectors       0x00000000       0x68 C:/Program Files (x86)/Atmel/Studio/7.0/Packs/atmel/ATmega_DFP/1.1.130/gcc/dev/atmega328p/avr5/crtatmega328p.o
                0x00000000                __vector_default
                0x00000000                __vectors
 *(.vectors)
 *(.progmem.gcc*)
                0x00000068                . = ALIGN (0x2)
                0x00000068                __trampolines_start = .
 *(.trampolines)
 .trampolines   0x00000068        0x0 linker stubs
 *(.trampolines*)
                0x00000068                __trampolines_end = .
 *libprintf_flt.a:*(.progmem.data)
 *libc.a:*(.progmem.data)
 *(.progmem*)
 .progmem.data.digital_pin_to_timer_PGM
                0x00000068       0x14 C:\Users\kris-\OneDrive\DOKUME~1\KEA-DE~1\MICROP~1\COMMON~1\AUDIOA~1\I2CSCA~1\I2CSCA~1\ARDUIN~1\Debug\libArduinoCore.a(wiring_digital.o)
                0x00000068                digital_pin_to_timer_PGM
 .progmem.data.digital_pin_to_bit_mask_PGM
                0x0000007c       0x14 C:\Users\kris-\OneDrive\DOKUME~1\KEA-DE~1\MICROP~1\COMMON~1\AUDIOA~1\I2CSCA~1\I2CSCA~1\ARDUIN~1\Debug\libArduinoCore.a(wiring_digital.o)
                0x0000007c                digital_pin_to_bit_mask_PGM
 .progmem.data.digital_pin_to_port_PGM
                0x00000090       0x14 C:\Users\kris-\OneDrive\DOKUME~1\KEA-DE~1\MICROP~1\COMMON~1\AUDIOA~1\I2CSCA~1\I2CSCA~1\ARDUIN~1\Debug\libArduinoCore.a(wiring_digital.o)
                0x00000090                digital_pin_to_port_PGM
 .progmem.data.port_to_output_PGM
                0x000000a4        0xa C:\Users\kris-\OneDrive\DOKUME~1\KEA-DE~1\MICROP~1\COMMON~1\AUDIOA~1\I2CSCA~1\I2CSCA~1\ARDUIN~1\Debug\libArduinoCore.a(wiring_digital.o)
                0x000000a4                port_to_output_PGM
                0x000000ae                . = ALIGN (0x2)
 *(.jumptables)
 *(.jumptables*)
 *(.lowtext)
 *(.lowtext*)
                0x000000ae                __ctors_start = .
 *(.ctors)
 .ctors         0x000000ae        0x2 C:\Users\kris-\OneDrive\DOKUME~1\KEA-DE~1\MICROP~1\COMMON~1\AUDIOA~1\I2CSCA~1\I2CSCA~1\ARDUIN~1\Debug\libArduinoCore.a(HardwareSerial0.o)
 .ctors         0x000000b0        0x2 C:\Users\kris-\OneDrive\DOKUME~1\KEA-DE~1\MICROP~1\COMMON~1\AUDIOA~1\I2CSCA~1\I2CSCA~1\ARDUIN~1\Debug\libArduinoCore.a(Wire.o)
                0x000000b2                __ctors_end = .
                0x000000b2                __dtors_start = .
 *(.dtors)
                0x000000b2                __dtors_end = .
 SORT(*)(.ctors)
 SORT(*)(.dtors)
 *(.init0)
 .init0         0x000000b2        0x0 C:/Program Files (x86)/Atmel/Studio/7.0/Packs/atmel/ATmega_DFP/1.1.130/gcc/dev/atmega328p/avr5/crtatmega328p.o
                0x000000b2                __init
 *(.init0)
 *(.init1)
 *(.init1)
 *(.init2)
 .init2         0x000000b2        0xc C:/Program Files (x86)/Atmel/Studio/7.0/Packs/atmel/ATmega_DFP/1.1.130/gcc/dev/atmega328p/avr5/crtatmega328p.o
 *(.init2)
 *(.init3)
 *(.init3)
 *(.init4)
 .init4         0x000000be       0x16 c:/program files (x86)/atmel/studio/7.0/toolchain/avr8/avr8-gnu-toolchain/bin/../lib/gcc/avr/4.9.2/avr5\libgcc.a(_copy_data.o)
                0x000000be                __do_copy_data
 .init4         0x000000d4       0x10 c:/program files (x86)/atmel/studio/7.0/toolchain/avr8/avr8-gnu-toolchain/bin/../lib/gcc/avr/4.9.2/avr5\libgcc.a(_clear_bss.o)
                0x000000d4                __do_clear_bss
 *(.init4)
 *(.init5)
 *(.init5)
 *(.init6)
 .init6         0x000000e4       0x16 c:/program files (x86)/atmel/studio/7.0/toolchain/avr8/avr8-gnu-toolchain/bin/../lib/gcc/avr/4.9.2/avr5\libgcc.a(_ctors.o)
                0x000000e4                __do_global_ctors
 *(.init6)
 *(.init7)
 *(.init7)
 *(.init8)
 *(.init8)
 *(.init9)
 .init9         0x000000fa        0x8 C:/Program Files (x86)/Atmel/Studio/7.0/Packs/atmel/ATmega_DFP/1.1.130/gcc/dev/atmega328p/avr5/crtatmega328p.o
 *(.init9)
 *(.text)
 .text          0x00000102        0x4 C:/Program Files (x86)/Atmel/Studio/7.0/Packs/atmel/ATmega_DFP/1.1.130/gcc/dev/atmega328p/avr5/crtatmega328p.o
                0x00000102                __vector_22
                0x00000102                __vector_1
                0x00000102                __vector_12
                0x00000102                __bad_interrupt
                0x00000102                __vector_6
                0x00000102                __vector_3
                0x00000102                __vector_23
                0x00000102                __vector_25
                0x00000102                __vector_11
                0x00000102                __vector_13
                0x00000102                __vector_17
                0x00000102                __vector_7
                0x00000102                __vector_5
                0x00000102                __vector_4
                0x00000102                __vector_9
                0x00000102                __vector_2
                0x00000102                __vector_21
                0x00000102                __vector_15
                0x00000102                __vector_8
                0x00000102                __vector_14
                0x00000102                __vector_10
                0x00000102                __vector_20
                0x00000106                . = ALIGN (0x2)
 *(.text.*)
 .text.setup    0x00000106       0x26 Sketch.o
                0x00000106                setup
 .text.loop     0x0000012c       0xc8 Sketch.o
                0x0000012c                loop
 .text._ZN14HardwareSerial9availableEv
                0x000001f4       0x18 C:\Users\kris-\OneDrive\DOKUME~1\KEA-DE~1\MICROP~1\COMMON~1\AUDIOA~1\I2CSCA~1\I2CSCA~1\ARDUIN~1\Debug\libArduinoCore.a(HardwareSerial.o)
                0x000001f4                _ZN14HardwareSerial9availableEv
 .text._ZN14HardwareSerial4peekEv
                0x0000020c       0x1c C:\Users\kris-\OneDrive\DOKUME~1\KEA-DE~1\MICROP~1\COMMON~1\AUDIOA~1\I2CSCA~1\I2CSCA~1\ARDUIN~1\Debug\libArduinoCore.a(HardwareSerial.o)
                0x0000020c                _ZN14HardwareSerial4peekEv
 .text._ZN14HardwareSerial4readEv
                0x00000228       0x28 C:\Users\kris-\OneDrive\DOKUME~1\KEA-DE~1\MICROP~1\COMMON~1\AUDIOA~1\I2CSCA~1\I2CSCA~1\ARDUIN~1\Debug\libArduinoCore.a(HardwareSerial.o)
                0x00000228                _ZN14HardwareSerial4readEv
 .text._Z14serialEventRunv
                0x00000250       0x1c C:\Users\kris-\OneDrive\DOKUME~1\KEA-DE~1\MICROP~1\COMMON~1\AUDIOA~1\I2CSCA~1\I2CSCA~1\ARDUIN~1\Debug\libArduinoCore.a(HardwareSerial.o)
                0x00000250                _Z14serialEventRunv
 .text._ZN14HardwareSerial17_tx_udr_empty_irqEv
                0x0000026c       0x42 C:\Users\kris-\OneDrive\DOKUME~1\KEA-DE~1\MICROP~1\COMMON~1\AUDIOA~1\I2CSCA~1\I2CSCA~1\ARDUIN~1\Debug\libArduinoCore.a(HardwareSerial.o)
                0x0000026c                _ZN14HardwareSerial17_tx_udr_empty_irqEv
 .text._ZN14HardwareSerial5flushEv
                0x000002ae       0x44 C:\Users\kris-\OneDrive\DOKUME~1\KEA-DE~1\MICROP~1\COMMON~1\AUDIOA~1\I2CSCA~1\I2CSCA~1\ARDUIN~1\Debug\libArduinoCore.a(HardwareSerial.o)
                0x000002ae                _ZN14HardwareSerial5flushEv
 .text._ZN14HardwareSerial5writeEh
                0x000002f2       0x8e C:\Users\kris-\OneDrive\DOKUME~1\KEA-DE~1\MICROP~1\COMMON~1\AUDIOA~1\I2CSCA~1\I2CSCA~1\ARDUIN~1\Debug\libArduinoCore.a(HardwareSerial.o)
                0x000002f2                _ZN14HardwareSerial5writeEh
 .text._ZN14HardwareSerial5beginEmh
                0x00000380       0xca C:\Users\kris-\OneDrive\DOKUME~1\KEA-DE~1\MICROP~1\COMMON~1\AUDIOA~1\I2CSCA~1\I2CSCA~1\ARDUIN~1\Debug\libArduinoCore.a(HardwareSerial.o)
                0x00000380                _ZN14HardwareSerial5beginEmh
 .text.__vector_18
                0x0000044a       0x64 C:\Users\kris-\OneDrive\DOKUME~1\KEA-DE~1\MICROP~1\COMMON~1\AUDIOA~1\I2CSCA~1\I2CSCA~1\ARDUIN~1\Debug\libArduinoCore.a(HardwareSerial0.o)
                0x0000044a                __vector_18
 .text.__vector_19
                0x000004ae       0x4c C:\Users\kris-\OneDrive\DOKUME~1\KEA-DE~1\MICROP~1\COMMON~1\AUDIOA~1\I2CSCA~1\I2CSCA~1\ARDUIN~1\Debug\libArduinoCore.a(HardwareSerial0.o)
                0x000004ae                __vector_19
 .text._Z17Serial0_availablev
                0x000004fa       0x14 C:\Users\kris-\OneDrive\DOKUME~1\KEA-DE~1\MICROP~1\COMMON~1\AUDIOA~1\I2CSCA~1\I2CSCA~1\ARDUIN~1\Debug\libArduinoCore.a(HardwareSerial0.o)
                0x000004fa                _Z17Serial0_availablev
 .text.startup._GLOBAL__sub_I___vector_18
                0x0000050e       0x5a C:\Users\kris-\OneDrive\DOKUME~1\KEA-DE~1\MICROP~1\COMMON~1\AUDIOA~1\I2CSCA~1\I2CSCA~1\ARDUIN~1\Debug\libArduinoCore.a(HardwareSerial0.o)
 .text.initVariant
                0x00000568        0x2 C:\Users\kris-\OneDrive\DOKUME~1\KEA-DE~1\MICROP~1\COMMON~1\AUDIOA~1\I2CSCA~1\I2CSCA~1\ARDUIN~1\Debug\libArduinoCore.a(main.o)
                0x00000568                initVariant
 .text.startup.main
                0x0000056a       0x1e C:\Users\kris-\OneDrive\DOKUME~1\KEA-DE~1\MICROP~1\COMMON~1\AUDIOA~1\I2CSCA~1\I2CSCA~1\ARDUIN~1\Debug\libArduinoCore.a(main.o)
                0x0000056a                main
 .text._ZN5Print5writeEPKhj
                0x00000588       0x56 C:\Users\kris-\OneDrive\DOKUME~1\KEA-DE~1\MICROP~1\COMMON~1\AUDIOA~1\I2CSCA~1\I2CSCA~1\ARDUIN~1\Debug\libArduinoCore.a(Print.o)
                0x00000588                _ZN5Print5writeEPKhj
 .text._ZN5Print5writeEPKc
                0x000005de       0x2a C:\Users\kris-\OneDrive\DOKUME~1\KEA-DE~1\MICROP~1\COMMON~1\AUDIOA~1\I2CSCA~1\I2CSCA~1\ARDUIN~1\Debug\libArduinoCore.a(Print.o)
                0x000005de                _ZN5Print5writeEPKc
 .text._ZN5Print5printEPKc
                0x00000608        0x4 C:\Users\kris-\OneDrive\DOKUME~1\KEA-DE~1\MICROP~1\COMMON~1\AUDIOA~1\I2CSCA~1\I2CSCA~1\ARDUIN~1\Debug\libArduinoCore.a(Print.o)
                0x00000608                _ZN5Print5printEPKc
 .text._ZN5Print7printlnEv
                0x0000060c        0x8 C:\Users\kris-\OneDrive\DOKUME~1\KEA-DE~1\MICROP~1\COMMON~1\AUDIOA~1\I2CSCA~1\I2CSCA~1\ARDUIN~1\Debug\libArduinoCore.a(Print.o)
                0x0000060c                _ZN5Print7printlnEv
 .text._ZN5Print7printlnEPKc
                0x00000614       0x24 C:\Users\kris-\OneDrive\DOKUME~1\KEA-DE~1\MICROP~1\COMMON~1\AUDIOA~1\I2CSCA~1\I2CSCA~1\ARDUIN~1\Debug\libArduinoCore.a(Print.o)
                0x00000614                _ZN5Print7printlnEPKc
 .text._ZN5Print11printNumberEmh
                0x00000638       0xa8 C:\Users\kris-\OneDrive\DOKUME~1\KEA-DE~1\MICROP~1\COMMON~1\AUDIOA~1\I2CSCA~1\I2CSCA~1\ARDUIN~1\Debug\libArduinoCore.a(Print.o)
                0x00000638                _ZN5Print11printNumberEmh
 .text._ZN5Print5printEmi
                0x000006e0       0x1a C:\Users\kris-\OneDrive\DOKUME~1\KEA-DE~1\MICROP~1\COMMON~1\AUDIOA~1\I2CSCA~1\I2CSCA~1\ARDUIN~1\Debug\libArduinoCore.a(Print.o)
                0x000006e0                _ZN5Print5printEmi
 .text._ZN5Print5printEhi
                0x000006fa        0xe C:\Users\kris-\OneDrive\DOKUME~1\KEA-DE~1\MICROP~1\COMMON~1\AUDIOA~1\I2CSCA~1\I2CSCA~1\ARDUIN~1\Debug\libArduinoCore.a(Print.o)
                0x000006fa                _ZN5Print5printEhi
 .text._ZN5Print7printlnEhi
                0x00000708       0x2e C:\Users\kris-\OneDrive\DOKUME~1\KEA-DE~1\MICROP~1\COMMON~1\AUDIOA~1\I2CSCA~1\I2CSCA~1\ARDUIN~1\Debug\libArduinoCore.a(Print.o)
                0x00000708                _ZN5Print7printlnEhi
 .text.__vector_16
                0x00000736       0x94 C:\Users\kris-\OneDrive\DOKUME~1\KEA-DE~1\MICROP~1\COMMON~1\AUDIOA~1\I2CSCA~1\I2CSCA~1\ARDUIN~1\Debug\libArduinoCore.a(wiring.o)
                0x00000736                __vector_16
 .text.micros   0x000007ca       0x4a C:\Users\kris-\OneDrive\DOKUME~1\KEA-DE~1\MICROP~1\COMMON~1\AUDIOA~1\I2CSCA~1\I2CSCA~1\ARDUIN~1\Debug\libArduinoCore.a(wiring.o)
                0x000007ca                micros
 .text.delay    0x00000814       0x78 C:\Users\kris-\OneDrive\DOKUME~1\KEA-DE~1\MICROP~1\COMMON~1\AUDIOA~1\I2CSCA~1\I2CSCA~1\ARDUIN~1\Debug\libArduinoCore.a(wiring.o)
                0x00000814                delay
 .text.init     0x0000088c       0x76 C:\Users\kris-\OneDrive\DOKUME~1\KEA-DE~1\MICROP~1\COMMON~1\AUDIOA~1\I2CSCA~1\I2CSCA~1\ARDUIN~1\Debug\libArduinoCore.a(wiring.o)
                0x0000088c                init
 .text._ZN7TwoWire9availableEv
                0x00000902       0x10 C:\Users\kris-\OneDrive\DOKUME~1\KEA-DE~1\MICROP~1\COMMON~1\AUDIOA~1\I2CSCA~1\I2CSCA~1\ARDUIN~1\Debug\libArduinoCore.a(Wire.o)
                0x00000902                _ZN7TwoWire9availableEv
 .text._ZN7TwoWire4readEv
                0x00000912       0x28 C:\Users\kris-\OneDrive\DOKUME~1\KEA-DE~1\MICROP~1\COMMON~1\AUDIOA~1\I2CSCA~1\I2CSCA~1\ARDUIN~1\Debug\libArduinoCore.a(Wire.o)
                0x00000912                _ZN7TwoWire4readEv
 .text._ZN7TwoWire4peekEv
                0x0000093a       0x1e C:\Users\kris-\OneDrive\DOKUME~1\KEA-DE~1\MICROP~1\COMMON~1\AUDIOA~1\I2CSCA~1\I2CSCA~1\ARDUIN~1\Debug\libArduinoCore.a(Wire.o)
                0x0000093a                _ZN7TwoWire4peekEv
 .text._ZN7TwoWire5flushEv
                0x00000958        0x2 C:\Users\kris-\OneDrive\DOKUME~1\KEA-DE~1\MICROP~1\COMMON~1\AUDIOA~1\I2CSCA~1\I2CSCA~1\ARDUIN~1\Debug\libArduinoCore.a(Wire.o)
                0x00000958                _ZN7TwoWire5flushEv
 .text._ZN7TwoWire5writeEPKhj
                0x0000095a       0x60 C:\Users\kris-\OneDrive\DOKUME~1\KEA-DE~1\MICROP~1\COMMON~1\AUDIOA~1\I2CSCA~1\I2CSCA~1\ARDUIN~1\Debug\libArduinoCore.a(Wire.o)
                0x0000095a                _ZN7TwoWire5writeEPKhj
 .text._ZN7TwoWire5writeEh
                0x000009ba       0x5e C:\Users\kris-\OneDrive\DOKUME~1\KEA-DE~1\MICROP~1\COMMON~1\AUDIOA~1\I2CSCA~1\I2CSCA~1\ARDUIN~1\Debug\libArduinoCore.a(Wire.o)
                0x000009ba                _ZN7TwoWire5writeEh
 .text._ZN7TwoWireC2Ev
                0x00000a18       0x20 C:\Users\kris-\OneDrive\DOKUME~1\KEA-DE~1\MICROP~1\COMMON~1\AUDIOA~1\I2CSCA~1\I2CSCA~1\ARDUIN~1\Debug\libArduinoCore.a(Wire.o)
                0x00000a18                _ZN7TwoWireC1Ev
                0x00000a18                _ZN7TwoWireC2Ev
 .text._ZN7TwoWire5beginEv
                0x00000a38       0x14 C:\Users\kris-\OneDrive\DOKUME~1\KEA-DE~1\MICROP~1\COMMON~1\AUDIOA~1\I2CSCA~1\I2CSCA~1\ARDUIN~1\Debug\libArduinoCore.a(Wire.o)
                0x00000a38                _ZN7TwoWire5beginEv
 .text._ZN7TwoWire17beginTransmissionEh
                0x00000a4c       0x14 C:\Users\kris-\OneDrive\DOKUME~1\KEA-DE~1\MICROP~1\COMMON~1\AUDIOA~1\I2CSCA~1\I2CSCA~1\ARDUIN~1\Debug\libArduinoCore.a(Wire.o)
                0x00000a4c                _ZN7TwoWire17beginTransmissionEh
 .text._ZN7TwoWire15endTransmissionEh
                0x00000a60       0x26 C:\Users\kris-\OneDrive\DOKUME~1\KEA-DE~1\MICROP~1\COMMON~1\AUDIOA~1\I2CSCA~1\I2CSCA~1\ARDUIN~1\Debug\libArduinoCore.a(Wire.o)
                0x00000a60                _ZN7TwoWire15endTransmissionEh
 .text._ZN7TwoWire15endTransmissionEv
                0x00000a86        0x6 C:\Users\kris-\OneDrive\DOKUME~1\KEA-DE~1\MICROP~1\COMMON~1\AUDIOA~1\I2CSCA~1\I2CSCA~1\ARDUIN~1\Debug\libArduinoCore.a(Wire.o)
                0x00000a86                _ZN7TwoWire15endTransmissionEv
 .text.startup._GLOBAL__sub_I__ZN7TwoWire8rxBufferE
                0x00000a8c        0x8 C:\Users\kris-\OneDrive\DOKUME~1\KEA-DE~1\MICROP~1\COMMON~1\AUDIOA~1\I2CSCA~1\I2CSCA~1\ARDUIN~1\Debug\libArduinoCore.a(Wire.o)
 .text.__empty  0x00000a94        0x2 C:\Users\kris-\OneDrive\DOKUME~1\KEA-DE~1\MICROP~1\COMMON~1\AUDIOA~1\I2CSCA~1\I2CSCA~1\ARDUIN~1\Debug\libArduinoCore.a(hooks.o)
                0x00000a94                yield
 .text.twi_init
                0x00000a96       0x3c C:\Users\kris-\OneDrive\DOKUME~1\KEA-DE~1\MICROP~1\COMMON~1\AUDIOA~1\I2CSCA~1\I2CSCA~1\ARDUIN~1\Debug\libArduinoCore.a(twi.o)
                0x00000a96                twi_init
 .text.twi_writeTo
                0x00000ad2       0xac C:\Users\kris-\OneDrive\DOKUME~1\KEA-DE~1\MICROP~1\COMMON~1\AUDIOA~1\I2CSCA~1\I2CSCA~1\ARDUIN~1\Debug\libArduinoCore.a(twi.o)
                0x00000ad2                twi_writeTo
 .text.twi_transmit
                0x00000b7e       0x50 C:\Users\kris-\OneDrive\DOKUME~1\KEA-DE~1\MICROP~1\COMMON~1\AUDIOA~1\I2CSCA~1\I2CSCA~1\ARDUIN~1\Debug\libArduinoCore.a(twi.o)
                0x00000b7e                twi_transmit
 .text.twi_stop
                0x00000bce       0x14 C:\Users\kris-\OneDrive\DOKUME~1\KEA-DE~1\MICROP~1\COMMON~1\AUDIOA~1\I2CSCA~1\I2CSCA~1\ARDUIN~1\Debug\libArduinoCore.a(twi.o)
                0x00000bce                twi_stop
 .text.twi_releaseBus
                0x00000be2        0xc C:\Users\kris-\OneDrive\DOKUME~1\KEA-DE~1\MICROP~1\COMMON~1\AUDIOA~1\I2CSCA~1\I2CSCA~1\ARDUIN~1\Debug\libArduinoCore.a(twi.o)
                0x00000be2                twi_releaseBus
 .text.__vector_24
                0x00000bee      0x25a C:\Users\kris-\OneDrive\DOKUME~1\KEA-DE~1\MICROP~1\COMMON~1\AUDIOA~1\I2CSCA~1\I2CSCA~1\ARDUIN~1\Debug\libArduinoCore.a(twi.o)
                0x00000bee                __vector_24
 .text.turnOffPWM
                0x00000e48       0x52 C:\Users\kris-\OneDrive\DOKUME~1\KEA-DE~1\MICROP~1\COMMON~1\AUDIOA~1\I2CSCA~1\I2CSCA~1\ARDUIN~1\Debug\libArduinoCore.a(wiring_digital.o)
 .text.digitalWrite
                0x00000e9a       0x60 C:\Users\kris-\OneDrive\DOKUME~1\KEA-DE~1\MICROP~1\COMMON~1\AUDIOA~1\I2CSCA~1\I2CSCA~1\ARDUIN~1\Debug\libArduinoCore.a(wiring_digital.o)
                0x00000e9a                digitalWrite
 .text.libgcc.div
                0x00000efa       0x44 c:/program files (x86)/atmel/studio/7.0/toolchain/avr8/avr8-gnu-toolchain/bin/../lib/gcc/avr/4.9.2/avr5\libgcc.a(_udivmodsi4.o)
                0x00000efa                __udivmodsi4
 .text.libgcc   0x00000f3e        0xc c:/program files (x86)/atmel/studio/7.0/toolchain/avr8/avr8-gnu-toolchain/bin/../lib/gcc/avr/4.9.2/avr5\libgcc.a(_tablejump2.o)
                0x00000f3e                __tablejump2__
                0x00000f4a                . = ALIGN (0x2)
 *(.fini9)
 .fini9         0x00000f4a        0x0 c:/program files (x86)/atmel/studio/7.0/toolchain/avr8/avr8-gnu-toolchain/bin/../lib/gcc/avr/4.9.2/avr5\libgcc.a(_exit.o)
                0x00000f4a                _exit
                0x00000f4a                exit
 *(.fini9)
 *(.fini8)
 *(.fini8)
 *(.fini7)
 *(.fini7)
 *(.fini6)
 *(.fini6)
 *(.fini5)
 *(.fini5)
 *(.fini4)
 *(.fini4)
 *(.fini3)
 *(.fini3)
 *(.fini2)
 *(.fini2)
 *(.fini1)
 *(.fini1)
 *(.fini0)
 .fini0         0x00000f4a        0x4 c:/program files (x86)/atmel/studio/7.0/toolchain/avr8/avr8-gnu-toolchain/bin/../lib/gcc/avr/4.9.2/avr5\libgcc.a(_exit.o)
 *(.fini0)
                0x00000f4e                _etext = .

.data           0x00800100       0xa6 load address 0x00000f4e
                0x00800100                PROVIDE (__data_start, .)
 *(.data)
 *(.data*)
 *(.rodata)
 *(.rodata*)
 .rodata.str1.1
                0x00800100       0x76 Sketch.o
 .rodata._ZTV14HardwareSerial
                0x00800176       0x10 C:\Users\kris-\OneDrive\DOKUME~1\KEA-DE~1\MICROP~1\COMMON~1\AUDIOA~1\I2CSCA~1\I2CSCA~1\ARDUIN~1\Debug\libArduinoCore.a(HardwareSerial.o)
                0x00800176                _ZTV14HardwareSerial
 .rodata.str1.1
                0x00800186        0xf C:\Users\kris-\OneDrive\DOKUME~1\KEA-DE~1\MICROP~1\COMMON~1\AUDIOA~1\I2CSCA~1\I2CSCA~1\ARDUIN~1\Debug\libArduinoCore.a(Print.o)
                                 0x11 (size before relaxing)
 .rodata._ZTV7TwoWire
                0x00800195       0x10 C:\Users\kris-\OneDrive\DOKUME~1\KEA-DE~1\MICROP~1\COMMON~1\AUDIOA~1\I2CSCA~1\I2CSCA~1\ARDUIN~1\Debug\libArduinoCore.a(Wire.o)
                0x00800195                _ZTV7TwoWire
 *(.gnu.linkonce.d*)
                0x008001a6                . = ALIGN (0x2)
 *fill*         0x008001a5        0x1 
                0x008001a6                _edata = .
                0x008001a6                PROVIDE (__data_end, .)

.bss            0x008001a6      0x166
                0x008001a6                PROVIDE (__bss_start, .)
 *(.bss)
 *(.bss*)
 .bss.Serial    0x008001a6       0x9d C:\Users\kris-\OneDrive\DOKUME~1\KEA-DE~1\MICROP~1\COMMON~1\AUDIOA~1\I2CSCA~1\I2CSCA~1\ARDUIN~1\Debug\libArduinoCore.a(HardwareSerial0.o)
                0x008001a6                Serial
 .bss.timer0_fract
                0x00800243        0x1 C:\Users\kris-\OneDrive\DOKUME~1\KEA-DE~1\MICROP~1\COMMON~1\AUDIOA~1\I2CSCA~1\I2CSCA~1\ARDUIN~1\Debug\libArduinoCore.a(wiring.o)
 .bss.timer0_millis
                0x00800244        0x4 C:\Users\kris-\OneDrive\DOKUME~1\KEA-DE~1\MICROP~1\COMMON~1\AUDIOA~1\I2CSCA~1\I2CSCA~1\ARDUIN~1\Debug\libArduinoCore.a(wiring.o)
                0x00800244                timer0_millis
 .bss.timer0_overflow_count
                0x00800248        0x4 C:\Users\kris-\OneDrive\DOKUME~1\KEA-DE~1\MICROP~1\COMMON~1\AUDIOA~1\I2CSCA~1\I2CSCA~1\ARDUIN~1\Debug\libArduinoCore.a(wiring.o)
                0x00800248                timer0_overflow_count
 .bss.Wire      0x0080024c        0xc C:\Users\kris-\OneDrive\DOKUME~1\KEA-DE~1\MICROP~1\COMMON~1\AUDIOA~1\I2CSCA~1\I2CSCA~1\ARDUIN~1\Debug\libArduinoCore.a(Wire.o)
                0x0080024c                Wire
 .bss._ZN7TwoWire12transmittingE
                0x00800258        0x1 C:\Users\kris-\OneDrive\DOKUME~1\KEA-DE~1\MICROP~1\COMMON~1\AUDIOA~1\I2CSCA~1\I2CSCA~1\ARDUIN~1\Debug\libArduinoCore.a(Wire.o)
                0x00800258                _ZN7TwoWire12transmittingE
 .bss._ZN7TwoWire14txBufferLengthE
                0x00800259        0x1 C:\Users\kris-\OneDrive\DOKUME~1\KEA-DE~1\MICROP~1\COMMON~1\AUDIOA~1\I2CSCA~1\I2CSCA~1\ARDUIN~1\Debug\libArduinoCore.a(Wire.o)
                0x00800259                _ZN7TwoWire14txBufferLengthE
 .bss._ZN7TwoWire13txBufferIndexE
                0x0080025a        0x1 C:\Users\kris-\OneDrive\DOKUME~1\KEA-DE~1\MICROP~1\COMMON~1\AUDIOA~1\I2CSCA~1\I2CSCA~1\ARDUIN~1\Debug\libArduinoCore.a(Wire.o)
                0x0080025a                _ZN7TwoWire13txBufferIndexE
 .bss._ZN7TwoWire8txBufferE
                0x0080025b       0x20 C:\Users\kris-\OneDrive\DOKUME~1\KEA-DE~1\MICROP~1\COMMON~1\AUDIOA~1\I2CSCA~1\I2CSCA~1\ARDUIN~1\Debug\libArduinoCore.a(Wire.o)
                0x0080025b                _ZN7TwoWire8txBufferE
 .bss._ZN7TwoWire9txAddressE
                0x0080027b        0x1 C:\Users\kris-\OneDrive\DOKUME~1\KEA-DE~1\MICROP~1\COMMON~1\AUDIOA~1\I2CSCA~1\I2CSCA~1\ARDUIN~1\Debug\libArduinoCore.a(Wire.o)
                0x0080027b                _ZN7TwoWire9txAddressE
 .bss._ZN7TwoWire14rxBufferLengthE
                0x0080027c        0x1 C:\Users\kris-\OneDrive\DOKUME~1\KEA-DE~1\MICROP~1\COMMON~1\AUDIOA~1\I2CSCA~1\I2CSCA~1\ARDUIN~1\Debug\libArduinoCore.a(Wire.o)
                0x0080027c                _ZN7TwoWire14rxBufferLengthE
 .bss._ZN7TwoWire13rxBufferIndexE
                0x0080027d        0x1 C:\Users\kris-\OneDrive\DOKUME~1\KEA-DE~1\MICROP~1\COMMON~1\AUDIOA~1\I2CSCA~1\I2CSCA~1\ARDUIN~1\Debug\libArduinoCore.a(Wire.o)
                0x0080027d                _ZN7TwoWire13rxBufferIndexE
 .bss._ZN7TwoWire8rxBufferE
                0x0080027e       0x20 C:\Users\kris-\OneDrive\DOKUME~1\KEA-DE~1\MICROP~1\COMMON~1\AUDIOA~1\I2CSCA~1\I2CSCA~1\ARDUIN~1\Debug\libArduinoCore.a(Wire.o)
                0x0080027e                _ZN7TwoWire8rxBufferE
 .bss.twi_error
                0x0080029e        0x1 C:\Users\kris-\OneDrive\DOKUME~1\KEA-DE~1\MICROP~1\COMMON~1\AUDIOA~1\I2CSCA~1\I2CSCA~1\ARDUIN~1\Debug\libArduinoCore.a(twi.o)
 .bss.twi_rxBufferIndex
                0x0080029f        0x1 C:\Users\kris-\OneDrive\DOKUME~1\KEA-DE~1\MICROP~1\COMMON~1\AUDIOA~1\I2CSCA~1\I2CSCA~1\ARDUIN~1\Debug\libArduinoCore.a(twi.o)
 .bss.twi_rxBuffer
                0x008002a0       0x20 C:\Users\kris-\OneDrive\DOKUME~1\KEA-DE~1\MICROP~1\COMMON~1\AUDIOA~1\I2CSCA~1\I2CSCA~1\ARDUIN~1\Debug\libArduinoCore.a(twi.o)
 .bss.twi_txBufferLength
                0x008002c0        0x1 C:\Users\kris-\OneDrive\DOKUME~1\KEA-DE~1\MICROP~1\COMMON~1\AUDIOA~1\I2CSCA~1\I2CSCA~1\ARDUIN~1\Debug\libArduinoCore.a(twi.o)
 .bss.twi_txBufferIndex
                0x008002c1        0x1 C:\Users\kris-\OneDrive\DOKUME~1\KEA-DE~1\MICROP~1\COMMON~1\AUDIOA~1\I2CSCA~1\I2CSCA~1\ARDUIN~1\Debug\libArduinoCore.a(twi.o)
 .bss.twi_txBuffer
                0x008002c2       0x20 C:\Users\kris-\OneDrive\DOKUME~1\KEA-DE~1\MICROP~1\COMMON~1\AUDIOA~1\I2CSCA~1\I2CSCA~1\ARDUIN~1\Debug\libArduinoCore.a(twi.o)
 .bss.twi_masterBufferLength
                0x008002e2        0x1 C:\Users\kris-\OneDrive\DOKUME~1\KEA-DE~1\MICROP~1\COMMON~1\AUDIOA~1\I2CSCA~1\I2CSCA~1\ARDUIN~1\Debug\libArduinoCore.a(twi.o)
 .bss.twi_masterBufferIndex
                0x008002e3        0x1 C:\Users\kris-\OneDrive\DOKUME~1\KEA-DE~1\MICROP~1\COMMON~1\AUDIOA~1\I2CSCA~1\I2CSCA~1\ARDUIN~1\Debug\libArduinoCore.a(twi.o)
 .bss.twi_masterBuffer
                0x008002e4       0x20 C:\Users\kris-\OneDrive\DOKUME~1\KEA-DE~1\MICROP~1\COMMON~1\AUDIOA~1\I2CSCA~1\I2CSCA~1\ARDUIN~1\Debug\libArduinoCore.a(twi.o)
 .bss.twi_onSlaveReceive
                0x00800304        0x2 C:\Users\kris-\OneDrive\DOKUME~1\KEA-DE~1\MICROP~1\COMMON~1\AUDIOA~1\I2CSCA~1\I2CSCA~1\ARDUIN~1\Debug\libArduinoCore.a(twi.o)
 .bss.twi_onSlaveTransmit
                0x00800306        0x2 C:\Users\kris-\OneDrive\DOKUME~1\KEA-DE~1\MICROP~1\COMMON~1\AUDIOA~1\I2CSCA~1\I2CSCA~1\ARDUIN~1\Debug\libArduinoCore.a(twi.o)
 .bss.twi_inRepStart
                0x00800308        0x1 C:\Users\kris-\OneDrive\DOKUME~1\KEA-DE~1\MICROP~1\COMMON~1\AUDIOA~1\I2CSCA~1\I2CSCA~1\ARDUIN~1\Debug\libArduinoCore.a(twi.o)
 .bss.twi_sendStop
                0x00800309        0x1 C:\Users\kris-\OneDrive\DOKUME~1\KEA-DE~1\MICROP~1\COMMON~1\AUDIOA~1\I2CSCA~1\I2CSCA~1\ARDUIN~1\Debug\libArduinoCore.a(twi.o)
 .bss.twi_slarw
                0x0080030a        0x1 C:\Users\kris-\OneDrive\DOKUME~1\KEA-DE~1\MICROP~1\COMMON~1\AUDIOA~1\I2CSCA~1\I2CSCA~1\ARDUIN~1\Debug\libArduinoCore.a(twi.o)
 .bss.twi_state
                0x0080030b        0x1 C:\Users\kris-\OneDrive\DOKUME~1\KEA-DE~1\MICROP~1\COMMON~1\AUDIOA~1\I2CSCA~1\I2CSCA~1\ARDUIN~1\Debug\libArduinoCore.a(twi.o)
 *(COMMON)
                0x0080030c                PROVIDE (__bss_end, .)
                0x00000f4e                __data_load_start = LOADADDR (.data)
                0x00000ff4                __data_load_end = (__data_load_start + SIZEOF (.data))

.noinit         0x0080030c        0x0
                [!provide]                PROVIDE (__noinit_start, .)
 *(.noinit*)
                [!provide]                PROVIDE (__noinit_end, .)
                0x0080030c                _end = .
                [!provide]                PROVIDE (__heap_start, .)

.eeprom         0x00810000        0x0
 *(.eeprom*)
                0x00810000                __eeprom_end = .

.fuse
 *(.fuse)
 *(.lfuse)
 *(.hfuse)
 *(.efuse)

.lock
 *(.lock*)

.signature
 *(.signature*)

.user_signatures
 *(.user_signatures*)

.stab
 *(.stab)

.stabstr
 *(.stabstr)

.stab.excl
 *(.stab.excl)

.stab.exclstr
 *(.stab.exclstr)

.stab.index
 *(.stab.index)

.stab.indexstr
 *(.stab.indexstr)

.comment        0x00000000       0x30
 *(.comment)
 .comment       0x00000000       0x30 Sketch.o
                                 0x31 (size before relaxing)
 .comment       0x00000030       0x31 C:\Users\kris-\OneDrive\DOKUME~1\KEA-DE~1\MICROP~1\COMMON~1\AUDIOA~1\I2CSCA~1\I2CSCA~1\ARDUIN~1\Debug\libArduinoCore.a(HardwareSerial.o)
 .comment       0x00000030       0x31 C:\Users\kris-\OneDrive\DOKUME~1\KEA-DE~1\MICROP~1\COMMON~1\AUDIOA~1\I2CSCA~1\I2CSCA~1\ARDUIN~1\Debug\libArduinoCore.a(HardwareSerial0.o)
 .comment       0x00000030       0x31 C:\Users\kris-\OneDrive\DOKUME~1\KEA-DE~1\MICROP~1\COMMON~1\AUDIOA~1\I2CSCA~1\I2CSCA~1\ARDUIN~1\Debug\libArduinoCore.a(main.o)
 .comment       0x00000030       0x31 C:\Users\kris-\OneDrive\DOKUME~1\KEA-DE~1\MICROP~1\COMMON~1\AUDIOA~1\I2CSCA~1\I2CSCA~1\ARDUIN~1\Debug\libArduinoCore.a(Print.o)
 .comment       0x00000030       0x31 C:\Users\kris-\OneDrive\DOKUME~1\KEA-DE~1\MICROP~1\COMMON~1\AUDIOA~1\I2CSCA~1\I2CSCA~1\ARDUIN~1\Debug\libArduinoCore.a(wiring.o)
 .comment       0x00000030       0x31 C:\Users\kris-\OneDrive\DOKUME~1\KEA-DE~1\MICROP~1\COMMON~1\AUDIOA~1\I2CSCA~1\I2CSCA~1\ARDUIN~1\Debug\libArduinoCore.a(Wire.o)
 .comment       0x00000030       0x31 C:\Users\kris-\OneDrive\DOKUME~1\KEA-DE~1\MICROP~1\COMMON~1\AUDIOA~1\I2CSCA~1\I2CSCA~1\ARDUIN~1\Debug\libArduinoCore.a(hooks.o)
 .comment       0x00000030       0x31 C:\Users\kris-\OneDrive\DOKUME~1\KEA-DE~1\MICROP~1\COMMON~1\AUDIOA~1\I2CSCA~1\I2CSCA~1\ARDUIN~1\Debug\libArduinoCore.a(twi.o)
 .comment       0x00000030       0x31 C:\Users\kris-\OneDrive\DOKUME~1\KEA-DE~1\MICROP~1\COMMON~1\AUDIOA~1\I2CSCA~1\I2CSCA~1\ARDUIN~1\Debug\libArduinoCore.a(wiring_digital.o)

.note.gnu.avr.deviceinfo
                0x00000000       0x40
 .note.gnu.avr.deviceinfo
                0x00000000       0x40 C:/Program Files (x86)/Atmel/Studio/7.0/Packs/atmel/ATmega_DFP/1.1.130/gcc/dev/atmega328p/avr5/crtatmega328p.o

.note.gnu.build-id
 *(.note.gnu.build-id)

.debug
 *(.debug)

.line
 *(.line)

.debug_srcinfo
 *(.debug_srcinfo)

.debug_sfnames
 *(.debug_sfnames)

.debug_aranges  0x00000000      0x3f8
 *(.debug_aranges)
 .debug_aranges
                0x00000000       0x28 Sketch.o
 .debug_aranges
                0x00000028       0x68 C:\Users\kris-\OneDrive\DOKUME~1\KEA-DE~1\MICROP~1\COMMON~1\AUDIOA~1\I2CSCA~1\I2CSCA~1\ARDUIN~1\Debug\libArduinoCore.a(HardwareSerial.o)
 .debug_aranges
                0x00000090       0x38 C:\Users\kris-\OneDrive\DOKUME~1\KEA-DE~1\MICROP~1\COMMON~1\AUDIOA~1\I2CSCA~1\I2CSCA~1\ARDUIN~1\Debug\libArduinoCore.a(HardwareSerial0.o)
 .debug_aranges
                0x000000c8       0x38 C:\Users\kris-\OneDrive\DOKUME~1\KEA-DE~1\MICROP~1\COMMON~1\AUDIOA~1\I2CSCA~1\I2CSCA~1\ARDUIN~1\Debug\libArduinoCore.a(main.o)
 .debug_aranges
                0x00000100       0xf0 C:\Users\kris-\OneDrive\DOKUME~1\KEA-DE~1\MICROP~1\COMMON~1\AUDIOA~1\I2CSCA~1\I2CSCA~1\ARDUIN~1\Debug\libArduinoCore.a(Print.o)
 .debug_aranges
                0x000001f0       0x48 C:\Users\kris-\OneDrive\DOKUME~1\KEA-DE~1\MICROP~1\COMMON~1\AUDIOA~1\I2CSCA~1\I2CSCA~1\ARDUIN~1\Debug\libArduinoCore.a(wiring.o)
 .debug_aranges
                0x00000238       0xe8 C:\Users\kris-\OneDrive\DOKUME~1\KEA-DE~1\MICROP~1\COMMON~1\AUDIOA~1\I2CSCA~1\I2CSCA~1\ARDUIN~1\Debug\libArduinoCore.a(Wire.o)
 .debug_aranges
                0x00000320       0x20 C:\Users\kris-\OneDrive\DOKUME~1\KEA-DE~1\MICROP~1\COMMON~1\AUDIOA~1\I2CSCA~1\I2CSCA~1\ARDUIN~1\Debug\libArduinoCore.a(hooks.o)
 .debug_aranges
                0x00000340       0x80 C:\Users\kris-\OneDrive\DOKUME~1\KEA-DE~1\MICROP~1\COMMON~1\AUDIOA~1\I2CSCA~1\I2CSCA~1\ARDUIN~1\Debug\libArduinoCore.a(twi.o)
 .debug_aranges
                0x000003c0       0x38 C:\Users\kris-\OneDrive\DOKUME~1\KEA-DE~1\MICROP~1\COMMON~1\AUDIOA~1\I2CSCA~1\I2CSCA~1\ARDUIN~1\Debug\libArduinoCore.a(wiring_digital.o)

.debug_pubnames
 *(.debug_pubnames)

.debug_info     0x00000000     0xa6a9
 *(.debug_info .gnu.linkonce.wi.*)
 .debug_info    0x00000000      0x5f4 C:/Program Files (x86)/Atmel/Studio/7.0/Packs/atmel/ATmega_DFP/1.1.130/gcc/dev/atmega328p/avr5/crtatmega328p.o
 .debug_info    0x000005f4      0x59d Sketch.o
 .debug_info    0x00000b91     0x1e51 C:\Users\kris-\OneDrive\DOKUME~1\KEA-DE~1\MICROP~1\COMMON~1\AUDIOA~1\I2CSCA~1\I2CSCA~1\ARDUIN~1\Debug\libArduinoCore.a(HardwareSerial.o)
 .debug_info    0x000029e2     0x1a4a C:\Users\kris-\OneDrive\DOKUME~1\KEA-DE~1\MICROP~1\COMMON~1\AUDIOA~1\I2CSCA~1\I2CSCA~1\ARDUIN~1\Debug\libArduinoCore.a(HardwareSerial0.o)
 .debug_info    0x0000442c      0x231 C:\Users\kris-\OneDrive\DOKUME~1\KEA-DE~1\MICROP~1\COMMON~1\AUDIOA~1\I2CSCA~1\I2CSCA~1\ARDUIN~1\Debug\libArduinoCore.a(main.o)
 .debug_info    0x0000465d     0x2a01 C:\Users\kris-\OneDrive\DOKUME~1\KEA-DE~1\MICROP~1\COMMON~1\AUDIOA~1\I2CSCA~1\I2CSCA~1\ARDUIN~1\Debug\libArduinoCore.a(Print.o)
 .debug_info    0x0000705e      0x2c8 C:\Users\kris-\OneDrive\DOKUME~1\KEA-DE~1\MICROP~1\COMMON~1\AUDIOA~1\I2CSCA~1\I2CSCA~1\ARDUIN~1\Debug\libArduinoCore.a(wiring.o)
 .debug_info    0x00007326     0x2743 C:\Users\kris-\OneDrive\DOKUME~1\KEA-DE~1\MICROP~1\COMMON~1\AUDIOA~1\I2CSCA~1\I2CSCA~1\ARDUIN~1\Debug\libArduinoCore.a(Wire.o)
 .debug_info    0x00009a69       0x3e C:\Users\kris-\OneDrive\DOKUME~1\KEA-DE~1\MICROP~1\COMMON~1\AUDIOA~1\I2CSCA~1\I2CSCA~1\ARDUIN~1\Debug\libArduinoCore.a(hooks.o)
 .debug_info    0x00009aa7      0x609 C:\Users\kris-\OneDrive\DOKUME~1\KEA-DE~1\MICROP~1\COMMON~1\AUDIOA~1\I2CSCA~1\I2CSCA~1\ARDUIN~1\Debug\libArduinoCore.a(twi.o)
 .debug_info    0x0000a0b0      0x5f9 C:\Users\kris-\OneDrive\DOKUME~1\KEA-DE~1\MICROP~1\COMMON~1\AUDIOA~1\I2CSCA~1\I2CSCA~1\ARDUIN~1\Debug\libArduinoCore.a(wiring_digital.o)

.debug_abbrev   0x00000000     0x2037
 *(.debug_abbrev)
 .debug_abbrev  0x00000000      0x5a2 C:/Program Files (x86)/Atmel/Studio/7.0/Packs/atmel/ATmega_DFP/1.1.130/gcc/dev/atmega328p/avr5/crtatmega328p.o
 .debug_abbrev  0x000005a2      0x1ed Sketch.o
 .debug_abbrev  0x0000078f      0x478 C:\Users\kris-\OneDrive\DOKUME~1\KEA-DE~1\MICROP~1\COMMON~1\AUDIOA~1\I2CSCA~1\I2CSCA~1\ARDUIN~1\Debug\libArduinoCore.a(HardwareSerial.o)
 .debug_abbrev  0x00000c07      0x3b1 C:\Users\kris-\OneDrive\DOKUME~1\KEA-DE~1\MICROP~1\COMMON~1\AUDIOA~1\I2CSCA~1\I2CSCA~1\ARDUIN~1\Debug\libArduinoCore.a(HardwareSerial0.o)
 .debug_abbrev  0x00000fb8      0x109 C:\Users\kris-\OneDrive\DOKUME~1\KEA-DE~1\MICROP~1\COMMON~1\AUDIOA~1\I2CSCA~1\I2CSCA~1\ARDUIN~1\Debug\libArduinoCore.a(main.o)
 .debug_abbrev  0x000010c1      0x487 C:\Users\kris-\OneDrive\DOKUME~1\KEA-DE~1\MICROP~1\COMMON~1\AUDIOA~1\I2CSCA~1\I2CSCA~1\ARDUIN~1\Debug\libArduinoCore.a(Print.o)
 .debug_abbrev  0x00001548      0x145 C:\Users\kris-\OneDrive\DOKUME~1\KEA-DE~1\MICROP~1\COMMON~1\AUDIOA~1\I2CSCA~1\I2CSCA~1\ARDUIN~1\Debug\libArduinoCore.a(wiring.o)
 .debug_abbrev  0x0000168d      0x5c6 C:\Users\kris-\OneDrive\DOKUME~1\KEA-DE~1\MICROP~1\COMMON~1\AUDIOA~1\I2CSCA~1\I2CSCA~1\ARDUIN~1\Debug\libArduinoCore.a(Wire.o)
 .debug_abbrev  0x00001c53       0x2a C:\Users\kris-\OneDrive\DOKUME~1\KEA-DE~1\MICROP~1\COMMON~1\AUDIOA~1\I2CSCA~1\I2CSCA~1\ARDUIN~1\Debug\libArduinoCore.a(hooks.o)
 .debug_abbrev  0x00001c7d      0x25f C:\Users\kris-\OneDrive\DOKUME~1\KEA-DE~1\MICROP~1\COMMON~1\AUDIOA~1\I2CSCA~1\I2CSCA~1\ARDUIN~1\Debug\libArduinoCore.a(twi.o)
 .debug_abbrev  0x00001edc      0x15b C:\Users\kris-\OneDrive\DOKUME~1\KEA-DE~1\MICROP~1\COMMON~1\AUDIOA~1\I2CSCA~1\I2CSCA~1\ARDUIN~1\Debug\libArduinoCore.a(wiring_digital.o)

.debug_line     0x00000000     0x218f
 *(.debug_line .debug_line.* .debug_line_end)
 .debug_line    0x00000000      0x133 C:/Program Files (x86)/Atmel/Studio/7.0/Packs/atmel/ATmega_DFP/1.1.130/gcc/dev/atmega328p/avr5/crtatmega328p.o
 .debug_line    0x00000133      0x296 Sketch.o
 .debug_line    0x000003c9      0x426 C:\Users\kris-\OneDrive\DOKUME~1\KEA-DE~1\MICROP~1\COMMON~1\AUDIOA~1\I2CSCA~1\I2CSCA~1\ARDUIN~1\Debug\libArduinoCore.a(HardwareSerial.o)
 .debug_line    0x000007ef      0x257 C:\Users\kris-\OneDrive\DOKUME~1\KEA-DE~1\MICROP~1\COMMON~1\AUDIOA~1\I2CSCA~1\I2CSCA~1\ARDUIN~1\Debug\libArduinoCore.a(HardwareSerial0.o)
 .debug_line    0x00000a46      0x175 C:\Users\kris-\OneDrive\DOKUME~1\KEA-DE~1\MICROP~1\COMMON~1\AUDIOA~1\I2CSCA~1\I2CSCA~1\ARDUIN~1\Debug\libArduinoCore.a(main.o)
 .debug_line    0x00000bbb      0x644 C:\Users\kris-\OneDrive\DOKUME~1\KEA-DE~1\MICROP~1\COMMON~1\AUDIOA~1\I2CSCA~1\I2CSCA~1\ARDUIN~1\Debug\libArduinoCore.a(Print.o)
 .debug_line    0x000011ff      0x299 C:\Users\kris-\OneDrive\DOKUME~1\KEA-DE~1\MICROP~1\COMMON~1\AUDIOA~1\I2CSCA~1\I2CSCA~1\ARDUIN~1\Debug\libArduinoCore.a(wiring.o)
 .debug_line    0x00001498      0x56f C:\Users\kris-\OneDrive\DOKUME~1\KEA-DE~1\MICROP~1\COMMON~1\AUDIOA~1\I2CSCA~1\I2CSCA~1\ARDUIN~1\Debug\libArduinoCore.a(Wire.o)
 .debug_line    0x00001a07       0x41 C:\Users\kris-\OneDrive\DOKUME~1\KEA-DE~1\MICROP~1\COMMON~1\AUDIOA~1\I2CSCA~1\I2CSCA~1\ARDUIN~1\Debug\libArduinoCore.a(hooks.o)
 .debug_line    0x00001a48      0x4f5 C:\Users\kris-\OneDrive\DOKUME~1\KEA-DE~1\MICROP~1\COMMON~1\AUDIOA~1\I2CSCA~1\I2CSCA~1\ARDUIN~1\Debug\libArduinoCore.a(twi.o)
 .debug_line    0x00001f3d      0x252 C:\Users\kris-\OneDrive\DOKUME~1\KEA-DE~1\MICROP~1\COMMON~1\AUDIOA~1\I2CSCA~1\I2CSCA~1\ARDUIN~1\Debug\libArduinoCore.a(wiring_digital.o)

.debug_frame    0x00000000      0xaf4
 *(.debug_frame)
 .debug_frame   0x00000000       0x44 Sketch.o
 .debug_frame   0x00000044      0x110 C:\Users\kris-\OneDrive\DOKUME~1\KEA-DE~1\MICROP~1\COMMON~1\AUDIOA~1\I2CSCA~1\I2CSCA~1\ARDUIN~1\Debug\libArduinoCore.a(HardwareSerial.o)
 .debug_frame   0x00000154       0xc0 C:\Users\kris-\OneDrive\DOKUME~1\KEA-DE~1\MICROP~1\COMMON~1\AUDIOA~1\I2CSCA~1\I2CSCA~1\ARDUIN~1\Debug\libArduinoCore.a(HardwareSerial0.o)
 .debug_frame   0x00000214       0x54 C:\Users\kris-\OneDrive\DOKUME~1\KEA-DE~1\MICROP~1\COMMON~1\AUDIOA~1\I2CSCA~1\I2CSCA~1\ARDUIN~1\Debug\libArduinoCore.a(main.o)
 .debug_frame   0x00000268      0x39c C:\Users\kris-\OneDrive\DOKUME~1\KEA-DE~1\MICROP~1\COMMON~1\AUDIOA~1\I2CSCA~1\I2CSCA~1\ARDUIN~1\Debug\libArduinoCore.a(Print.o)
 .debug_frame   0x00000604       0xc4 C:\Users\kris-\OneDrive\DOKUME~1\KEA-DE~1\MICROP~1\COMMON~1\AUDIOA~1\I2CSCA~1\I2CSCA~1\ARDUIN~1\Debug\libArduinoCore.a(wiring.o)
 .debug_frame   0x000006c8      0x258 C:\Users\kris-\OneDrive\DOKUME~1\KEA-DE~1\MICROP~1\COMMON~1\AUDIOA~1\I2CSCA~1\I2CSCA~1\ARDUIN~1\Debug\libArduinoCore.a(Wire.o)
 .debug_frame   0x00000920       0x24 C:\Users\kris-\OneDrive\DOKUME~1\KEA-DE~1\MICROP~1\COMMON~1\AUDIOA~1\I2CSCA~1\I2CSCA~1\ARDUIN~1\Debug\libArduinoCore.a(hooks.o)
 .debug_frame   0x00000944      0x134 C:\Users\kris-\OneDrive\DOKUME~1\KEA-DE~1\MICROP~1\COMMON~1\AUDIOA~1\I2CSCA~1\I2CSCA~1\ARDUIN~1\Debug\libArduinoCore.a(twi.o)
 .debug_frame   0x00000a78       0x7c C:\Users\kris-\OneDrive\DOKUME~1\KEA-DE~1\MICROP~1\COMMON~1\AUDIOA~1\I2CSCA~1\I2CSCA~1\ARDUIN~1\Debug\libArduinoCore.a(wiring_digital.o)

.debug_str      0x00000000     0x2336
 *(.debug_str)
 .debug_str     0x00000000      0x208 C:/Program Files (x86)/Atmel/Studio/7.0/Packs/atmel/ATmega_DFP/1.1.130/gcc/dev/atmega328p/avr5/crtatmega328p.o
 .debug_str     0x00000208      0x3dd Sketch.o
                                0x44a (size before relaxing)
 .debug_str     0x000005e5     0x1082 C:\Users\kris-\OneDrive\DOKUME~1\KEA-DE~1\MICROP~1\COMMON~1\AUDIOA~1\I2CSCA~1\I2CSCA~1\ARDUIN~1\Debug\libArduinoCore.a(HardwareSerial.o)
                               0x138b (size before relaxing)
 .debug_str     0x00001667       0x8b C:\Users\kris-\OneDrive\DOKUME~1\KEA-DE~1\MICROP~1\COMMON~1\AUDIOA~1\I2CSCA~1\I2CSCA~1\ARDUIN~1\Debug\libArduinoCore.a(HardwareSerial0.o)
                               0x118b (size before relaxing)
 .debug_str     0x000016f2       0x43 C:\Users\kris-\OneDrive\DOKUME~1\KEA-DE~1\MICROP~1\COMMON~1\AUDIOA~1\I2CSCA~1\I2CSCA~1\ARDUIN~1\Debug\libArduinoCore.a(main.o)
                                0x2f6 (size before relaxing)
 .debug_str     0x00001735      0x35d C:\Users\kris-\OneDrive\DOKUME~1\KEA-DE~1\MICROP~1\COMMON~1\AUDIOA~1\I2CSCA~1\I2CSCA~1\ARDUIN~1\Debug\libArduinoCore.a(Print.o)
                                0xfe7 (size before relaxing)
 .debug_str     0x00001a92      0x15a C:\Users\kris-\OneDrive\DOKUME~1\KEA-DE~1\MICROP~1\COMMON~1\AUDIOA~1\I2CSCA~1\I2CSCA~1\ARDUIN~1\Debug\libArduinoCore.a(wiring.o)
                                0x280 (size before relaxing)
 .debug_str     0x00001bec      0x501 C:\Users\kris-\OneDrive\DOKUME~1\KEA-DE~1\MICROP~1\COMMON~1\AUDIOA~1\I2CSCA~1\I2CSCA~1\ARDUIN~1\Debug\libArduinoCore.a(Wire.o)
                               0x1628 (size before relaxing)
 .debug_str     0x000020ed       0x1c C:\Users\kris-\OneDrive\DOKUME~1\KEA-DE~1\MICROP~1\COMMON~1\AUDIOA~1\I2CSCA~1\I2CSCA~1\ARDUIN~1\Debug\libArduinoCore.a(hooks.o)
                                0x175 (size before relaxing)
 .debug_str     0x00002109      0x15e C:\Users\kris-\OneDrive\DOKUME~1\KEA-DE~1\MICROP~1\COMMON~1\AUDIOA~1\I2CSCA~1\I2CSCA~1\ARDUIN~1\Debug\libArduinoCore.a(twi.o)
                                0x400 (size before relaxing)
 .debug_str     0x00002267       0xcf C:\Users\kris-\OneDrive\DOKUME~1\KEA-DE~1\MICROP~1\COMMON~1\AUDIOA~1\I2CSCA~1\I2CSCA~1\ARDUIN~1\Debug\libArduinoCore.a(wiring_digital.o)
                                0x2e5 (size before relaxing)

.debug_loc      0x00000000     0x3daa
 *(.debug_loc)
 .debug_loc     0x00000000       0x9d Sketch.o
 .debug_loc     0x0000009d      0x497 C:\Users\kris-\OneDrive\DOKUME~1\KEA-DE~1\MICROP~1\COMMON~1\AUDIOA~1\I2CSCA~1\I2CSCA~1\ARDUIN~1\Debug\libArduinoCore.a(HardwareSerial.o)
 .debug_loc     0x00000534      0x161 C:\Users\kris-\OneDrive\DOKUME~1\KEA-DE~1\MICROP~1\COMMON~1\AUDIOA~1\I2CSCA~1\I2CSCA~1\ARDUIN~1\Debug\libArduinoCore.a(HardwareSerial0.o)
 .debug_loc     0x00000695     0x1f0e C:\Users\kris-\OneDrive\DOKUME~1\KEA-DE~1\MICROP~1\COMMON~1\AUDIOA~1\I2CSCA~1\I2CSCA~1\ARDUIN~1\Debug\libArduinoCore.a(Print.o)
 .debug_loc     0x000025a3      0x269 C:\Users\kris-\OneDrive\DOKUME~1\KEA-DE~1\MICROP~1\COMMON~1\AUDIOA~1\I2CSCA~1\I2CSCA~1\ARDUIN~1\Debug\libArduinoCore.a(wiring.o)
 .debug_loc     0x0000280c      0xb72 C:\Users\kris-\OneDrive\DOKUME~1\KEA-DE~1\MICROP~1\COMMON~1\AUDIOA~1\I2CSCA~1\I2CSCA~1\ARDUIN~1\Debug\libArduinoCore.a(Wire.o)
 .debug_loc     0x0000337e      0x449 C:\Users\kris-\OneDrive\DOKUME~1\KEA-DE~1\MICROP~1\COMMON~1\AUDIOA~1\I2CSCA~1\I2CSCA~1\ARDUIN~1\Debug\libArduinoCore.a(twi.o)
 .debug_loc     0x000037c7      0x5e3 C:\Users\kris-\OneDrive\DOKUME~1\KEA-DE~1\MICROP~1\COMMON~1\AUDIOA~1\I2CSCA~1\I2CSCA~1\ARDUIN~1\Debug\libArduinoCore.a(wiring_digital.o)

.debug_macinfo
 *(.debug_macinfo)

.debug_weaknames
 *(.debug_weaknames)

.debug_funcnames
 *(.debug_funcnames)

.debug_typenames
 *(.debug_typenames)

.debug_varnames
 *(.debug_varnames)

.debug_pubtypes
 *(.debug_pubtypes)

.debug_ranges   0x00000000      0x3d0
 *(.debug_ranges)
 .debug_ranges  0x00000000       0x30 Sketch.o
 .debug_ranges  0x00000030       0x70 C:\Users\kris-\OneDrive\DOKUME~1\KEA-DE~1\MICROP~1\COMMON~1\AUDIOA~1\I2CSCA~1\I2CSCA~1\ARDUIN~1\Debug\libArduinoCore.a(HardwareSerial.o)
 .debug_ranges  0x000000a0       0x28 C:\Users\kris-\OneDrive\DOKUME~1\KEA-DE~1\MICROP~1\COMMON~1\AUDIOA~1\I2CSCA~1\I2CSCA~1\ARDUIN~1\Debug\libArduinoCore.a(HardwareSerial0.o)
 .debug_ranges  0x000000c8       0x28 C:\Users\kris-\OneDrive\DOKUME~1\KEA-DE~1\MICROP~1\COMMON~1\AUDIOA~1\I2CSCA~1\I2CSCA~1\ARDUIN~1\Debug\libArduinoCore.a(main.o)
 .debug_ranges  0x000000f0      0x128 C:\Users\kris-\OneDrive\DOKUME~1\KEA-DE~1\MICROP~1\COMMON~1\AUDIOA~1\I2CSCA~1\I2CSCA~1\ARDUIN~1\Debug\libArduinoCore.a(Print.o)
 .debug_ranges  0x00000218       0x38 C:\Users\kris-\OneDrive\DOKUME~1\KEA-DE~1\MICROP~1\COMMON~1\AUDIOA~1\I2CSCA~1\I2CSCA~1\ARDUIN~1\Debug\libArduinoCore.a(wiring.o)
 .debug_ranges  0x00000250       0xd8 C:\Users\kris-\OneDrive\DOKUME~1\KEA-DE~1\MICROP~1\COMMON~1\AUDIOA~1\I2CSCA~1\I2CSCA~1\ARDUIN~1\Debug\libArduinoCore.a(Wire.o)
 .debug_ranges  0x00000328       0x10 C:\Users\kris-\OneDrive\DOKUME~1\KEA-DE~1\MICROP~1\COMMON~1\AUDIOA~1\I2CSCA~1\I2CSCA~1\ARDUIN~1\Debug\libArduinoCore.a(hooks.o)
 .debug_ranges  0x00000338       0x70 C:\Users\kris-\OneDrive\DOKUME~1\KEA-DE~1\MICROP~1\COMMON~1\AUDIOA~1\I2CSCA~1\I2CSCA~1\ARDUIN~1\Debug\libArduinoCore.a(twi.o)
 .debug_ranges  0x000003a8       0x28 C:\Users\kris-\OneDrive\DOKUME~1\KEA-DE~1\MICROP~1\COMMON~1\AUDIOA~1\I2CSCA~1\I2CSCA~1\ARDUIN~1\Debug\libArduinoCore.a(wiring_digital.o)

.debug_macro
 *(.debug_macro)
OUTPUT(Scanner.elf elf32-avr)
LOAD linker stubs
